[debug] [2025-08-19T08:00:12.062Z] ----------------------------------------------------------------------
[debug] [2025-08-19T08:00:12.063Z] Command:       /Users/andrewcottam/.nvm/versions/node/v20.19.0/bin/node /Users/andrewcottam/.nvm/versions/node/v20.19.0/bin/firebase init
[debug] [2025-08-19T08:00:12.063Z] CLI Version:   14.12.1
[debug] [2025-08-19T08:00:12.063Z] Platform:      darwin
[debug] [2025-08-19T08:00:12.063Z] Node Version:  v20.19.0
[debug] [2025-08-19T08:00:12.063Z] Time:          Tue Aug 19 2025 09:00:12 GMT+0100 (British Summer Time)
[debug] [2025-08-19T08:00:12.063Z] ----------------------------------------------------------------------
[debug] 
[debug] [2025-08-19T08:00:12.064Z] >>> [apiv2][query] GET https://firebase-public.firebaseio.com/cli.json [none]
[debug] [2025-08-19T08:00:12.087Z] > command requires scopes: ["email","openid","https://www.googleapis.com/auth/cloudplatformprojects.readonly","https://www.googleapis.com/auth/firebase","https://www.googleapis.com/auth/cloud-platform"]
[debug] [2025-08-19T08:00:12.088Z] > authorizing via signed-in user (andrew@restor.eco)
[info] 
     ######## #### ########  ######## ########     ###     ######  ########
     ##        ##  ##     ## ##       ##     ##  ##   ##  ##       ##
     ######    ##  ########  ######   ########  #########  ######  ######
     ##        ##  ##    ##  ##       ##     ## ##     ##       ## ##
     ##       #### ##     ## ######## ########  ##     ##  ######  ########

You're about to initialize a Firebase project in this directory:

  /Users/andrewcottam/Documents/GitHub/web_apps

[debug] [2025-08-19T08:00:12.338Z] <<< [apiv2][status] GET https://firebase-public.firebaseio.com/cli.json 200
[debug] [2025-08-19T08:00:12.338Z] <<< [apiv2][body] GET https://firebase-public.firebaseio.com/cli.json {"cloudBuildErrorAfter":1594252800000,"cloudBuildWarnAfter":1590019200000,"defaultNode10After":1594252800000,"minVersion":"3.0.5","node8DeploysDisabledAfter":1613390400000,"node8RuntimeDisabledAfter":1615809600000,"node8WarnAfter":1600128000000}
[debug] [2025-08-19T08:00:15.031Z] ExitPromptError: User force closed the prompt with SIGINT
    at Interface.sigint (/Users/andrewcottam/.nvm/versions/node/v20.19.0/lib/node_modules/firebase-tools/node_modules/@inquirer/core/dist/commonjs/lib/create-prompt.js:101:37)
    at Interface.emit (node:events:524:28)
    at Interface.emit (node:domain:489:12)
    at [_ttyWrite] [as _ttyWrite] (node:internal/readline/interface:1125:18)
    at ReadStream.onkeypress (node:internal/readline/interface:264:20)
    at ReadStream.emit (node:events:536:35)
    at ReadStream.emit (node:domain:489:12)
    at emitKeys (node:internal/readline/utils:371:14)
    at emitKeys.next (<anonymous>)
    at ReadStream.onData (node:internal/readline/emitKeypressEvents:64:36)
[error] 
[error] Error: An unexpected error has occurred.
